Insertion
                         Count       Total bp
         50-500 bp:         60           8767
     500-10,000 bp:          0              0
             Total:         60           8767

Deletion
                         Count       Total bp
         50-500 bp:         72          13011
     500-10,000 bp:          9          50299
             Total:         81          63310

Tandem_expansion
                         Count       Total bp
         50-500 bp:          2            234
     500-10,000 bp:          6           3455
             Total:          8           3689

Tandem_contraction
                         Count       Total bp
         50-500 bp:          4            534
     500-10,000 bp:          2           3258
             Total:          6           3792

Repeat_expansion
                         Count       Total bp
         50-500 bp:         20           2620
     500-10,000 bp:          1            686
             Total:         21           3306

Repeat_contraction
                         Count       Total bp
         50-500 bp:         37           6558
     500-10,000 bp:          8          28325
             Total:         45          34883

Total number of all variants: 221
Total bases affected by all variants: 117.75 Kbp
Total number of structural variants: 221
Total bases affected by structural variants: 117.75 Kbp
